SELECT count(*) FROM citus_check_cluster_node_health() WHERE success IS NOT true;
 count
---------------------------------------------------------------------
     0
(1 row)

